Component: ARM Compiler 5.06 update 5 (build 528) Tool: armlink [4d35e2]

==============================================================================

Section Cross References

    startup_armcm4.o(STACK) refers (Special) to heapauxi.o(.text) for __use_two_region_memory
    startup_armcm4.o(HEAP) refers (Special) to heapauxi.o(.text) for __use_two_region_memory
    startup_armcm4.o(RESET) refers (Special) to heapauxi.o(.text) for __use_two_region_memory
    startup_armcm4.o(RESET) refers to startup_armcm4.o(STACK) for __initial_sp
    startup_armcm4.o(RESET) refers to startup_armcm4.o(.text) for Reset_Handler
    startup_armcm4.o(.text) refers (Special) to heapauxi.o(.text) for __use_two_region_memory
    startup_armcm4.o(.text) refers to system_armcm4.o(i.SystemInit) for SystemInit
    startup_armcm4.o(.text) refers to final.o(appcode) for __main
    startup_armcm4.o(.text) refers to startup_armcm4.o(HEAP) for Heap_Mem
    startup_armcm4.o(.text) refers to startup_armcm4.o(STACK) for Stack_Mem
    system_armcm4.o(i.SystemCoreClockUpdate) refers to system_armcm4.o(.data) for SystemCoreClock
    system_armcm4.o(i.SystemInit) refers to system_armcm4.o(.data) for SystemCoreClock


==============================================================================

Removing Unused input sections from the image.

    Removing system_armcm4.o(.rev16_text), (4 bytes).
    Removing system_armcm4.o(.revsh_text), (4 bytes).
    Removing system_armcm4.o(.rrx_text), (6 bytes).
    Removing system_armcm4.o(i.SystemCoreClockUpdate), (16 bytes).

4 unused section(s) (total 30 bytes) removed from the image.

==============================================================================

Image Symbol Table

    Local Symbols

    Symbol Name                              Value     Ov Type        Size  Object(Section)

    RESET                                    0x00000000   Section      192  startup_armcm4.o(RESET)
    ../clib/heapaux.c                        0x00000000   Number         0  heapauxi.o ABSOLUTE
    RTE\Device\ARMCM4_FP\startup_ARMCM4.s    0x00000000   Number         0  startup_armcm4.o ABSOLUTE
    RTE\Device\ARMCM4_FP\system_ARMCM4.c     0x00000000   Number         0  system_armcm4.o ABSOLUTE
    RTE\\Device\\ARMCM4_FP\\system_ARMCM4.c  0x00000000   Number         0  system_armcm4.o ABSOLUTE
    dc.s                                     0x00000000   Number         0  dc.o ABSOLUTE
    final.s                                  0x00000000   Number         0  final.o ABSOLUTE
    .text                                    0x000000c0   Section       64  startup_armcm4.o(.text)
    $v0                                      0x000000c0   Number         0  startup_armcm4.o(.text)
    .text                                    0x00000100   Section        0  heapauxi.o(.text)
    appcode                                  0x00000108   Section       26  final.o(appcode)
    $v0                                      0x00000108   Number         0  final.o(appcode)
    i.SystemInit                             0x00000124   Section        0  system_armcm4.o(i.SystemInit)
    .data                                    0x20000000   Section        4  system_armcm4.o(.data)
    HEAP                                     0x20000008   Section     3072  startup_armcm4.o(HEAP)
    Heap_Mem                                 0x20000008   Data        3072  startup_armcm4.o(HEAP)
    STACK                                    0x20000c08   Section     1024  startup_armcm4.o(STACK)
    Stack_Mem                                0x20000c08   Data        1024  startup_armcm4.o(STACK)
    __initial_sp                             0x20001008   Data           0  startup_armcm4.o(STACK)

    Global Symbols

    Symbol Name                              Value     Ov Type        Size  Object(Section)

    BuildAttributes$$THM_ISAv4$E$P$D$K$B$S$7EM$VFPi3$EXTD16$VFPS$VFMA$PE$A:L22UL41UL21$X:L11$S22US41US21$IEEE1$IW$USESV6$~STKCKD$USESV7$~SHL$OSPACE$ROPI$EBA8$STANDARDLIB$REQ8$PRES8$EABIv2 0x00000000   Number         0  anon$$obj.o ABSOLUTE
    __Vectors                                0x00000000   Data           4  startup_armcm4.o(RESET)
    Reset_Handler                            0x000000c1   Thumb Code     8  startup_armcm4.o(.text)
    __Vectors_End                            0x000000c0   Data           0  startup_armcm4.o(RESET)
    __Vectors_Size                           0x000000c0   Number         0  startup_armcm4.o ABSOLUTE
    NMI_Handler                              0x000000c9   Thumb Code     2  startup_armcm4.o(.text)
    HardFault_Handler                        0x000000cb   Thumb Code     2  startup_armcm4.o(.text)
    MemManage_Handler                        0x000000cd   Thumb Code     2  startup_armcm4.o(.text)
    BusFault_Handler                         0x000000cf   Thumb Code     2  startup_armcm4.o(.text)
    UsageFault_Handler                       0x000000d1   Thumb Code     2  startup_armcm4.o(.text)
    SVC_Handler                              0x000000d3   Thumb Code     2  startup_armcm4.o(.text)
    DebugMon_Handler                         0x000000d5   Thumb Code     2  startup_armcm4.o(.text)
    PendSV_Handler                           0x000000d7   Thumb Code     2  startup_armcm4.o(.text)
    SysTick_Handler                          0x000000d9   Thumb Code     2  startup_armcm4.o(.text)
    AACI_IRQHandler                          0x000000db   Thumb Code     0  startup_armcm4.o(.text)
    CAN_IRQHandler                           0x000000db   Thumb Code     0  startup_armcm4.o(.text)
    CHLCD_IRQHandler                         0x000000db   Thumb Code     0  startup_armcm4.o(.text)
    CLCD_IRQHandler                          0x000000db   Thumb Code     0  startup_armcm4.o(.text)
    CPU_CLCD_IRQHandler                      0x000000db   Thumb Code     0  startup_armcm4.o(.text)
    ENET_IRQHandler                          0x000000db   Thumb Code     0  startup_armcm4.o(.text)
    FLEXRAY_IRQHandler                       0x000000db   Thumb Code     0  startup_armcm4.o(.text)
    I2C_IRQHandler                           0x000000db   Thumb Code     0  startup_armcm4.o(.text)
    LIN_IRQHandler                           0x000000db   Thumb Code     0  startup_armcm4.o(.text)
    MCIA_IRQHandler                          0x000000db   Thumb Code     0  startup_armcm4.o(.text)
    MCIB_IRQHandler                          0x000000db   Thumb Code     0  startup_armcm4.o(.text)
    RTC_IRQHandler                           0x000000db   Thumb Code     0  startup_armcm4.o(.text)
    SPI_IRQHandler                           0x000000db   Thumb Code     0  startup_armcm4.o(.text)
    TIM0_IRQHandler                          0x000000db   Thumb Code     0  startup_armcm4.o(.text)
    TIM2_IRQHandler                          0x000000db   Thumb Code     0  startup_armcm4.o(.text)
    UART0_IRQHandler                         0x000000db   Thumb Code     0  startup_armcm4.o(.text)
    UART1_IRQHandler                         0x000000db   Thumb Code     0  startup_armcm4.o(.text)
    UART2_IRQHandler                         0x000000db   Thumb Code     0  startup_armcm4.o(.text)
    UART3_IRQHandler                         0x000000db   Thumb Code     0  startup_armcm4.o(.text)
    UART4_IRQHandler                         0x000000db   Thumb Code     0  startup_armcm4.o(.text)
    USBDC_IRQHandler                         0x000000db   Thumb Code     0  startup_armcm4.o(.text)
    USBHC_IRQHandler                         0x000000db   Thumb Code     0  startup_armcm4.o(.text)
    WDT_IRQHandler                           0x000000db   Thumb Code     0  startup_armcm4.o(.text)
    __user_initial_stackheap                 0x000000dd   Thumb Code    10  startup_armcm4.o(.text)
    __use_two_region_memory                  0x00000101   Thumb Code     2  heapauxi.o(.text)
    __rt_heap_escrow$2region                 0x00000103   Thumb Code     2  heapauxi.o(.text)
    __rt_heap_expand$2region                 0x00000105   Thumb Code     2  heapauxi.o(.text)
    __main                                   0x00000109   Thumb Code    26  final.o(appcode)
    SystemInit                               0x00000125   Thumb Code    20  system_armcm4.o(i.SystemInit)
    SystemCoreClock                          0x20000000   Data           4  system_armcm4.o(.data)



==============================================================================

Memory Map of the image

  Image Entry point : 0x00000109

  Load Region LR_IROM1 (Base: 0x00000000, Size: 0x00000148, Max: 0x00100000, ABSOLUTE)

    Execution Region ER_IROM1 (Exec base: 0x00000000, Load base: 0x00000000, Size: 0x00000144, Max: 0x00100000, ABSOLUTE)

    Exec Addr    Load Addr    Size         Type   Attr      Idx    E Section Name        Object

    0x00000000   0x00000000   0x000000c0   Data   RO            9    RESET               startup_armcm4.o
    0x000000c0   0x000000c0   0x00000040   Code   RO           10    .text               startup_armcm4.o
    0x00000100   0x00000100   0x00000006   Code   RO           69    .text               c_w.l(heapauxi.o)
    0x00000106   0x00000106   0x00000002   PAD
    0x00000108   0x00000108   0x0000001a   Code   RO            1  * appcode             final.o
    0x00000122   0x00000122   0x00000002   PAD
    0x00000124   0x00000124   0x00000020   Code   RO           18    i.SystemInit        system_armcm4.o


    Execution Region RW_IRAM1 (Exec base: 0x20000000, Load base: 0x00000144, Size: 0x00001008, Max: 0x00020000, ABSOLUTE)

    Exec Addr    Load Addr    Size         Type   Attr      Idx    E Section Name        Object

    0x20000000   0x00000144   0x00000004   Data   RW           19    .data               system_armcm4.o
    0x20000004   0x00000148   0x00000004   PAD
    0x20000008        -       0x00000c00   Zero   RW            8    HEAP                startup_armcm4.o
    0x20000c08        -       0x00000400   Zero   RW            7    STACK               startup_armcm4.o


==============================================================================

Image component sizes


      Code (inc. data)   RO Data    RW Data    ZI Data      Debug   Object Name

        26          0          0          0          0        360   final.o
        64         26        192          0       4096        884   startup_armcm4.o
        32         12          0          4          0       5231   system_armcm4.o

    ----------------------------------------------------------------------
       124         38        192          4       4100       6475   Object Totals
         0          0          0          0          0          0   (incl. Generated)
         2          0          0          0          4          0   (incl. Padding)

    ----------------------------------------------------------------------

      Code (inc. data)   RO Data    RW Data    ZI Data      Debug   Library Member Name

         6          0          0          0          0        152   heapauxi.o

    ----------------------------------------------------------------------
         8          0          0          0          0        152   Library Totals
         2          0          0          0          0          0   (incl. Padding)

    ----------------------------------------------------------------------

      Code (inc. data)   RO Data    RW Data    ZI Data      Debug   Library Name

         6          0          0          0          0        152   c_w.l

    ----------------------------------------------------------------------
         8          0          0          0          0        152   Library Totals

    ----------------------------------------------------------------------

==============================================================================


      Code (inc. data)   RO Data    RW Data    ZI Data      Debug   

       132         38        192          4       4100       6527   Grand Totals
       132         38        192          4       4100       6527   ELF Image Totals
       132         38        192          4          0          0   ROM Totals

==============================================================================

    Total RO  Size (Code + RO Data)                  324 (   0.32kB)
    Total RW  Size (RW Data + ZI Data)              4104 (   4.01kB)
    Total ROM Size (Code + RO Data + RW Data)        328 (   0.32kB)

==============================================================================

